// Jest Snapshot v1, https://goo.gl/fbAQLP

exports[`App regression 1`] = `
<DocumentFragment>
  <div
    class="container"
  >
    <div
      class="search-bar"
    >
      <div
        class="search-bar search-bar--grouped-item"
      >
        <input
          aria-label="search-bar--input"
          class="search-bar search-bar--input"
          placeholder="Enter GitHub username here..."
          type="text"
          value=""
        />
      </div>
      <div
        class="search-bar search-bar--grouped-item icon"
      >
        <span>
           
          <i
            class="fa fa-search"
          />
        </span>
      </div>
    </div>
    <div
      class="container"
    >
      Start browsing repositories - enter user profile in search first...
    </div>
  </div>
</DocumentFragment>
`;
